// Jest Snapshot v1, https://goo.gl/fbAQLP

exports[`My Profile Page component renders properly 1`] = `
Object {
  "asFragment": [Function],
  "baseElement": <body>
    <div>
      <div
        class="myProfile"
      >
        <section
          class="mySection"
        >
          <h2
            class="sectionTitle"
          >
            My Rockets
          </h2>
          <p
            class="noItems"
          >
            There are no Rockets that have been
            <span
              class="badge rktBadge resBadge"
            >
              Reserved
            </span>
            by you.
          </p>
        </section>
        <section
          class="mySection"
        >
          <h2
            class="sectionTitle"
          >
            My Missions
          </h2>
          <p
            class="noItems"
          >
            You haven't yet become an
            <span
              class="badge misBadge misActive"
            >
              Active Member
            </span>
            of any Missions.
          </p>
        </section>
      </div>
    </div>
  </body>,
  "container": <div>
    <div
      class="myProfile"
    >
      <section
        class="mySection"
      >
        <h2
          class="sectionTitle"
        >
          My Rockets
        </h2>
        <p
          class="noItems"
        >
          There are no Rockets that have been
          <span
            class="badge rktBadge resBadge"
          >
            Reserved
          </span>
          by you.
        </p>
      </section>
      <section
        class="mySection"
      >
        <h2
          class="sectionTitle"
        >
          My Missions
        </h2>
        <p
          class="noItems"
        >
          You haven't yet become an
          <span
            class="badge misBadge misActive"
          >
            Active Member
          </span>
          of any Missions.
        </p>
      </section>
    </div>
  </div>,
  "debug": [Function],
  "findAllByAltText": [Function],
  "findAllByDisplayValue": [Function],
  "findAllByLabelText": [Function],
  "findAllByPlaceholderText": [Function],
  "findAllByRole": [Function],
  "findAllByTestId": [Function],
  "findAllByText": [Function],
  "findAllByTitle": [Function],
  "findByAltText": [Function],
  "findByDisplayValue": [Function],
  "findByLabelText": [Function],
  "findByPlaceholderText": [Function],
  "findByRole": [Function],
  "findByTestId": [Function],
  "findByText": [Function],
  "findByTitle": [Function],
  "getAllByAltText": [Function],
  "getAllByDisplayValue": [Function],
  "getAllByLabelText": [Function],
  "getAllByPlaceholderText": [Function],
  "getAllByRole": [Function],
  "getAllByTestId": [Function],
  "getAllByText": [Function],
  "getAllByTitle": [Function],
  "getByAltText": [Function],
  "getByDisplayValue": [Function],
  "getByLabelText": [Function],
  "getByPlaceholderText": [Function],
  "getByRole": [Function],
  "getByTestId": [Function],
  "getByText": [Function],
  "getByTitle": [Function],
  "queryAllByAltText": [Function],
  "queryAllByDisplayValue": [Function],
  "queryAllByLabelText": [Function],
  "queryAllByPlaceholderText": [Function],
  "queryAllByRole": [Function],
  "queryAllByTestId": [Function],
  "queryAllByText": [Function],
  "queryAllByTitle": [Function],
  "queryByAltText": [Function],
  "queryByDisplayValue": [Function],
  "queryByLabelText": [Function],
  "queryByPlaceholderText": [Function],
  "queryByRole": [Function],
  "queryByTestId": [Function],
  "queryByText": [Function],
  "queryByTitle": [Function],
  "rerender": [Function],
  "unmount": [Function],
}
`;
